2025-07-08 18:08:23.651 INFO  [File Watcher] o.s.b.d.a.LocalDevToolsAutoConfiguration$RestartingClassPathChangeChangedEventListener
				-Restarting due to 1 class path change (0 additions, 0 deletions, 1 modification)
2025-07-08 18:08:23.657 INFO  [Thread-37] o.s.b.w.e.tomcat.GracefulShutdown
				-Commencing graceful shutdown. Waiting for active requests to complete
2025-07-08 18:08:23.667 INFO  [tomcat-shutdown] o.s.b.w.e.tomcat.GracefulShutdown
				-Graceful shutdown complete
2025-07-08 18:08:23.673 INFO  [Thread-37] o.s.o.j.LocalContainerEntityManagerFactoryBean
				-Closing JPA EntityManagerFactory for persistence unit 'default'
2025-07-08 18:08:23.674 INFO  [Thread-37] com.zaxxer.hikari.HikariDataSource
				-HikariPool-9 - Shutdown initiated...
2025-07-08 18:08:23.683 INFO  [Thread-37] com.zaxxer.hikari.HikariDataSource
				-HikariPool-9 - Shutdown completed.
2025-07-08 18:08:23.814 INFO  [restartedMain] c.suraj.ENotesApiServiceApplication		-Starting ENotesApiServiceApplication using Java 21.0.6 with PID 7940 (S:\E-Notes Real Time Project\E-Notes-Real-Time-Project-\target\classes started by sskum in S:\E-Notes Real Time Project\E-Notes-Real-Time-Project-)
2025-07-08 18:08:23.814 INFO  [restartedMain] c.suraj.ENotesApiServiceApplication		-The following 1 profile is active: "dev"
2025-07-08 18:08:23.981 INFO  [restartedMain] o.s.d.r.c.RepositoryConfigurationDelegate		-Bootstrapping Spring Data JPA repositories in DEFAULT mode.
2025-07-08 18:08:24.012 INFO  [restartedMain] o.s.d.r.c.RepositoryConfigurationDelegate		-Finished Spring Data repository scanning in 29 ms. Found 7 JPA repository interfaces.
2025-07-08 18:08:24.164 INFO  [restartedMain] o.s.b.w.e.tomcat.TomcatWebServer		-Tomcat initialized with port 8080 (http)
2025-07-08 18:08:24.164 INFO  [restartedMain] o.a.catalina.core.StandardService		-Starting service [Tomcat]
2025-07-08 18:08:24.165 INFO  [restartedMain] o.a.catalina.core.StandardEngine		-Starting Servlet engine: [Apache Tomcat/10.1.39]
2025-07-08 18:08:24.201 INFO  [restartedMain] o.a.c.c.C.[Tomcat].[localhost].[/]		-Initializing Spring embedded WebApplicationContext
2025-07-08 18:08:24.201 INFO  [restartedMain] o.s.b.w.s.c.ServletWebServerApplicationContext		-Root WebApplicationContext: initialization completed in 384 ms
2025-07-08 18:08:24.274 INFO  [restartedMain] o.h.jpa.internal.util.LogHelper		-HHH000204: Processing PersistenceUnitInfo [name: default]
2025-07-08 18:08:24.280 INFO  [restartedMain] o.h.c.i.RegionFactoryInitiator		-HHH000026: Second-level cache disabled
2025-07-08 18:08:24.298 INFO  [restartedMain] o.s.o.j.p.SpringPersistenceUnitInfo		-No LoadTimeWeaver setup: ignoring JPA class transformer
2025-07-08 18:08:24.299 INFO  [restartedMain] com.zaxxer.hikari.HikariDataSource		-HikariPool-10 - Starting...
2025-07-08 18:08:24.316 INFO  [restartedMain] com.zaxxer.hikari.pool.HikariPool		-HikariPool-10 - Added connection com.mysql.cj.jdbc.ConnectionImpl@3810ef63
2025-07-08 18:08:24.316 INFO  [restartedMain] com.zaxxer.hikari.HikariDataSource		-HikariPool-10 - Start completed.
2025-07-08 18:08:24.317 WARN  [restartedMain] org.hibernate.orm.deprecation		-HHH90000025: MySQL8Dialect does not need to be specified explicitly using 'hibernate.dialect' (remove the property setting and it will be selected by default)
2025-07-08 18:08:24.317 WARN  [restartedMain] org.hibernate.orm.deprecation		-HHH90000026: MySQL8Dialect has been deprecated; use org.hibernate.dialect.MySQLDialect instead
2025-07-08 18:08:24.317 INFO  [restartedMain] o.hibernate.orm.connections.pooling		-HHH10001005: Database info:
	Database JDBC URL [Connecting through datasource 'HikariDataSource (HikariPool-10)']
	Database driver: undefined/unknown
	Database version: 8.0
	Autocommit mode: undefined/unknown
	Isolation level: undefined/unknown
	Minimum pool size: undefined/unknown
	Maximum pool size: undefined/unknown
2025-07-08 18:08:24.430 INFO  [restartedMain] o.h.e.t.j.p.i.JtaPlatformInitiator		-HHH000489: No JTA platform available (set 'hibernate.transaction.jta.platform' to enable JTA platform integration)
2025-07-08 18:08:24.430 INFO  [restartedMain] o.s.o.j.LocalContainerEntityManagerFactoryBean		-Initialized JPA EntityManagerFactory for persistence unit 'default'
2025-07-08 18:08:24.633 INFO  [restartedMain] o.s.s.c.a.a.c.InitializeAuthenticationProviderBeanManagerConfigurer$InitializeAuthenticationProviderManagerConfigurer		-Global AuthenticationManager configured with AuthenticationProvider bean with name authenticationProvider
2025-07-08 18:08:24.633 WARN  [restartedMain] o.s.s.c.a.a.c.InitializeUserDetailsBeanManagerConfigurer$InitializeUserDetailsManagerConfigurer		-Global AuthenticationManager configured with an AuthenticationProvider bean. UserDetailsService beans will not be used by Spring Security for automatically configuring username/password login. Consider removing the AuthenticationProvider bean. Alternatively, consider using the UserDetailsService in a manually instantiated DaoAuthenticationProvider. If the current configuration is intentional, to turn off this warning, increase the logging level of 'org.springframework.security.config.annotation.authentication.configuration.InitializeUserDetailsBeanManagerConfigurer' to ERROR
2025-07-08 18:08:24.820 WARN  [restartedMain] o.s.b.a.o.j.JpaBaseConfiguration$JpaWebConfiguration		-spring.jpa.open-in-view is enabled by default. Therefore, database queries may be performed during view rendering. Explicitly configure spring.jpa.open-in-view to disable this warning
2025-07-08 18:08:25.158 INFO  [restartedMain] o.s.b.d.a.OptionalLiveReloadServer		-LiveReload server is running on port 35729
2025-07-08 18:08:25.189 INFO  [restartedMain] o.s.b.w.e.tomcat.TomcatWebServer		-Tomcat started on port 8080 (http) with context path '/'
2025-07-08 18:08:25.196 INFO  [restartedMain] c.suraj.ENotesApiServiceApplication		-Started ENotesApiServiceApplication in 1.424 seconds (process running for 1345.708)
2025-07-08 18:08:25.197 INFO  [restartedMain] o.s.b.d.a.ConditionEvaluationDeltaLoggingListener		-Condition evaluation unchanged
2025-07-08 18:08:53.524 INFO  [File Watcher] o.s.b.d.a.LocalDevToolsAutoConfiguration$RestartingClassPathChangeChangedEventListener		-Restarting due to 1 class path change (0 additions, 0 deletions, 1 modification)
2025-07-08 18:08:53.527 INFO  [Thread-41] o.s.b.w.e.tomcat.GracefulShutdown		-Commencing graceful shutdown. Waiting for active requests to complete
2025-07-08 18:08:53.542 INFO  [tomcat-shutdown] o.s.b.w.e.tomcat.GracefulShutdown		-Graceful shutdown complete
2025-07-08 18:08:53.547 INFO  [Thread-41] o.s.o.j.LocalContainerEntityManagerFactoryBean		-Closing JPA EntityManagerFactory for persistence unit 'default'
2025-07-08 18:08:53.549 INFO  [Thread-41] com.zaxxer.hikari.HikariDataSource		-HikariPool-10 - Shutdown initiated...
2025-07-08 18:08:53.555 INFO  [Thread-41] com.zaxxer.hikari.HikariDataSource		-HikariPool-10 - Shutdown completed.
2025-07-08 18:08:53.627 INFO  [restartedMain] c.suraj.ENotesApiServiceApplication	-Starting ENotesApiServiceApplication using Java 21.0.6 with PID 7940 (S:\E-Notes Real Time Project\E-Notes-Real-Time-Project-\target\classes started by sskum in S:\E-Notes Real Time Project\E-Notes-Real-Time-Project-)
2025-07-08 18:08:53.627 INFO  [restartedMain] c.suraj.ENotesApiServiceApplication	-The following 1 profile is active: "dev"
2025-07-08 18:08:53.743 INFO  [restartedMain] o.s.d.r.c.RepositoryConfigurationDelegate	-Bootstrapping Spring Data JPA repositories in DEFAULT mode.
2025-07-08 18:08:53.759 INFO  [restartedMain] o.s.d.r.c.RepositoryConfigurationDelegate	-Finished Spring Data repository scanning in 15 ms. Found 7 JPA repository interfaces.
2025-07-08 18:08:53.853 INFO  [restartedMain] o.s.b.w.e.tomcat.TomcatWebServer	-Tomcat initialized with port 8080 (http)
2025-07-08 18:08:53.853 INFO  [restartedMain] o.a.catalina.core.StandardService	-Starting service [Tomcat]
2025-07-08 18:08:53.853 INFO  [restartedMain] o.a.catalina.core.StandardEngine	-Starting Servlet engine: [Apache Tomcat/10.1.39]
2025-07-08 18:08:53.870 INFO  [restartedMain] o.a.c.c.C.[Tomcat].[localhost].[/]	-Initializing Spring embedded WebApplicationContext
2025-07-08 18:08:53.870 INFO  [restartedMain] o.s.b.w.s.c.ServletWebServerApplicationContext	-Root WebApplicationContext: initialization completed in 242 ms
2025-07-08 18:08:53.906 INFO  [restartedMain] o.h.jpa.internal.util.LogHelper	-HHH000204: Processing PersistenceUnitInfo [name: default]
2025-07-08 18:08:53.907 INFO  [restartedMain] o.h.c.i.RegionFactoryInitiator	-HHH000026: Second-level cache disabled
2025-07-08 18:08:53.917 INFO  [restartedMain] o.s.o.j.p.SpringPersistenceUnitInfo	-No LoadTimeWeaver setup: ignoring JPA class transformer
2025-07-08 18:08:53.919 INFO  [restartedMain] com.zaxxer.hikari.HikariDataSource	-HikariPool-11 - Starting...
2025-07-08 18:08:53.930 INFO  [restartedMain] com.zaxxer.hikari.pool.HikariPool	-HikariPool-11 - Added connection com.mysql.cj.jdbc.ConnectionImpl@56e72011
2025-07-08 18:08:53.930 INFO  [restartedMain] com.zaxxer.hikari.HikariDataSource	-HikariPool-11 - Start completed.
2025-07-08 18:08:53.931 WARN  [restartedMain] org.hibernate.orm.deprecation	-HHH90000025: MySQL8Dialect does not need to be specified explicitly using 'hibernate.dialect' (remove the property setting and it will be selected by default)
2025-07-08 18:08:53.931 WARN  [restartedMain] org.hibernate.orm.deprecation	-HHH90000026: MySQL8Dialect has been deprecated; use org.hibernate.dialect.MySQLDialect instead
2025-07-08 18:08:53.931 INFO  [restartedMain] o.hibernate.orm.connections.pooling	-HHH10001005: Database info:
	Database JDBC URL [Connecting through datasource 'HikariDataSource (HikariPool-11)']
	Database driver: undefined/unknown
	Database version: 8.0
	Autocommit mode: undefined/unknown
	Isolation level: undefined/unknown
	Minimum pool size: undefined/unknown
	Maximum pool size: undefined/unknown
2025-07-08 18:08:54.017 INFO  [restartedMain] o.h.e.t.j.p.i.JtaPlatformInitiator	-HHH000489: No JTA platform available (set 'hibernate.transaction.jta.platform' to enable JTA platform integration)
2025-07-08 18:08:54.017 INFO  [restartedMain] o.s.o.j.LocalContainerEntityManagerFactoryBean	-Initialized JPA EntityManagerFactory for persistence unit 'default'
2025-07-08 18:08:54.153 INFO  [restartedMain] o.s.s.c.a.a.c.InitializeAuthenticationProviderBeanManagerConfigurer$InitializeAuthenticationProviderManagerConfigurer	-Global AuthenticationManager configured with AuthenticationProvider bean with name authenticationProvider
2025-07-08 18:08:54.153 WARN  [restartedMain] o.s.s.c.a.a.c.InitializeUserDetailsBeanManagerConfigurer$InitializeUserDetailsManagerConfigurer	-Global AuthenticationManager configured with an AuthenticationProvider bean. UserDetailsService beans will not be used by Spring Security for automatically configuring username/password login. Consider removing the AuthenticationProvider bean. Alternatively, consider using the UserDetailsService in a manually instantiated DaoAuthenticationProvider. If the current configuration is intentional, to turn off this warning, increase the logging level of 'org.springframework.security.config.annotation.authentication.configuration.InitializeUserDetailsBeanManagerConfigurer' to ERROR
2025-07-08 18:08:54.268 WARN  [restartedMain] o.s.b.a.o.j.JpaBaseConfiguration$JpaWebConfiguration	-spring.jpa.open-in-view is enabled by default. Therefore, database queries may be performed during view rendering. Explicitly configure spring.jpa.open-in-view to disable this warning
2025-07-08 18:08:54.493 INFO  [restartedMain] o.s.b.d.a.OptionalLiveReloadServer	-LiveReload server is running on port 35729
2025-07-08 18:08:54.504 INFO  [restartedMain] o.s.b.w.e.tomcat.TomcatWebServer	-Tomcat started on port 8080 (http) with context path '/'
2025-07-08 18:08:54.507 INFO  [restartedMain] c.suraj.ENotesApiServiceApplication	-Started ENotesApiServiceApplication in 0.899 seconds (process running for 1375.021)
2025-07-08 18:08:54.509 INFO  [restartedMain] o.s.b.d.a.ConditionEvaluationDeltaLoggingListener	-Condition evaluation unchanged
