2025-09-05 10:05 INFO  [File Watcher] o.s.b.d.a.LocalDevToolsAutoConfiguration$RestartingClassPathChangeChangedEventListener	-Restarting due to 1 class path change (0 additions, 0 deletions, 1 modification)
2025-09-05 10:05 INFO  [Thread-55] o.s.b.w.e.tomcat.GracefulShutdown	-Commencing graceful shutdown. Waiting for active requests to complete
2025-09-05 10:05 INFO  [tomcat-shutdown] o.a.coyote.http11.Http11NioProtocol	-Pausing ProtocolHandler ["http-nio-8080"]
2025-09-05 10:05 INFO  [tomcat-shutdown] o.s.b.w.e.tomcat.GracefulShutdown	-Graceful shutdown complete
2025-09-05 10:05 INFO  [Thread-55] o.a.coyote.http11.Http11NioProtocol	-Stopping ProtocolHandler ["http-nio-8080"]
2025-09-05 10:05 INFO  [Thread-55] o.s.o.j.LocalContainerEntityManagerFactoryBean	-Closing JPA EntityManagerFactory for persistence unit 'default'
2025-09-05 10:05 INFO  [Thread-55] com.zaxxer.hikari.HikariDataSource	-HikariPool-14 - Shutdown initiated...
2025-09-05 10:05 INFO  [Thread-55] com.zaxxer.hikari.HikariDataSource	-HikariPool-14 - Shutdown completed.
2025-09-05 10:05 ERROR [restartedMain] o.s.boot.SpringApplication	-Application run failed
org.yaml.snakeyaml.scanner.ScannerException: while scanning for the next token
found character '\t(TAB)' that cannot start any token. (Do not use \t(TAB) for indentation)
 in 'reader', line 43, column 1:
    		tagsSorter: alpha
    ^

	at org.yaml.snakeyaml.scanner.ScannerImpl.fetchMoreTokens(ScannerImpl.java:445)
	at org.yaml.snakeyaml.scanner.ScannerImpl.checkToken(ScannerImpl.java:238)
	at org.yaml.snakeyaml.parser.ParserImpl$ParseBlockMappingKey.produce(ParserImpl.java:637)
	at org.yaml.snakeyaml.parser.ParserImpl.peekEvent(ParserImpl.java:161)
	at org.yaml.snakeyaml.comments.CommentEventsCollector$1.peek(CommentEventsCollector.java:57)
	at org.yaml.snakeyaml.comments.CommentEventsCollector$1.peek(CommentEventsCollector.java:43)
	at org.yaml.snakeyaml.comments.CommentEventsCollector.collectEvents(CommentEventsCollector.java:136)
	at org.yaml.snakeyaml.comments.CommentEventsCollector.collectEvents(CommentEventsCollector.java:116)
	at org.yaml.snakeyaml.composer.Composer.composeScalarNode(Composer.java:249)
	at org.yaml.snakeyaml.composer.Composer.composeNode(Composer.java:214)
	at org.yaml.snakeyaml.composer.Composer.composeValueNode(Composer.java:396)
	at org.yaml.snakeyaml.composer.Composer.composeMappingChildren(Composer.java:361)
	at org.yaml.snakeyaml.composer.Composer.composeMappingNode(Composer.java:329)
	at org.yaml.snakeyaml.composer.Composer.composeNode(Composer.java:218)
	at org.yaml.snakeyaml.composer.Composer.composeValueNode(Composer.java:396)
	at org.yaml.snakeyaml.composer.Composer.composeMappingChildren(Composer.java:361)
	at org.yaml.snakeyaml.composer.Composer.composeMappingNode(Composer.java:329)
	at org.yaml.snakeyaml.composer.Composer.composeNode(Composer.java:218)
	at org.yaml.snakeyaml.composer.Composer.composeValueNode(Composer.java:396)
	at org.yaml.snakeyaml.composer.Composer.composeMappingChildren(Composer.java:361)
	at org.yaml.snakeyaml.composer.Composer.composeMappingNode(Composer.java:329)
	at org.yaml.snakeyaml.composer.Composer.composeNode(Composer.java:218)
	at org.yaml.snakeyaml.composer.Composer.getNode(Composer.java:141)
	at org.yaml.snakeyaml.constructor.BaseConstructor.getData(BaseConstructor.java:162)
	at org.springframework.boot.env.OriginTrackedYamlLoader$OriginTrackingConstructor.getData(OriginTrackedYamlLoader.java:99)
	at org.yaml.snakeyaml.Yaml$1.next(Yaml.java:529)
	at org.springframework.beans.factory.config.YamlProcessor.process(YamlProcessor.java:203)
	at org.springframework.beans.factory.config.YamlProcessor.process(YamlProcessor.java:169)
	at org.springframework.boot.env.OriginTrackedYamlLoader.load(OriginTrackedYamlLoader.java:84)
	at org.springframework.boot.env.YamlPropertySourceLoader.load(YamlPropertySourceLoader.java:50)
	at org.springframework.boot.context.config.StandardConfigDataLoader.load(StandardConfigDataLoader.java:54)
	at org.springframework.boot.context.config.StandardConfigDataLoader.load(StandardConfigDataLoader.java:36)
	at org.springframework.boot.context.config.ConfigDataLoaders.load(ConfigDataLoaders.java:96)
	at org.springframework.boot.context.config.ConfigDataImporter.load(ConfigDataImporter.java:132)
	at org.springframework.boot.context.config.ConfigDataImporter.resolveAndLoad(ConfigDataImporter.java:87)
	at org.springframework.boot.context.config.ConfigDataEnvironmentContributors.withProcessedImports(ConfigDataEnvironmentContributors.java:121)
	at org.springframework.boot.context.config.ConfigDataEnvironment.processInitial(ConfigDataEnvironment.java:245)
	at org.springframework.boot.context.config.ConfigDataEnvironment.processAndApply(ConfigDataEnvironment.java:232)
	at org.springframework.boot.context.config.ConfigDataEnvironmentPostProcessor.postProcessEnvironment(ConfigDataEnvironmentPostProcessor.java:96)
	at org.springframework.boot.context.config.ConfigDataEnvironmentPostProcessor.postProcessEnvironment(ConfigDataEnvironmentPostProcessor.java:89)
	at org.springframework.boot.env.EnvironmentPostProcessorApplicationListener.onApplicationEnvironmentPreparedEvent(EnvironmentPostProcessorApplicationListener.java:132)
	at org.springframework.boot.env.EnvironmentPostProcessorApplicationListener.onApplicationEvent(EnvironmentPostProcessorApplicationListener.java:115)
	at org.springframework.context.event.SimpleApplicationEventMulticaster.doInvokeListener(SimpleApplicationEventMulticaster.java:185)
	at org.springframework.context.event.SimpleApplicationEventMulticaster.invokeListener(SimpleApplicationEventMulticaster.java:178)
	at org.springframework.context.event.SimpleApplicationEventMulticaster.multicastEvent(SimpleApplicationEventMulticaster.java:156)
	at org.springframework.context.event.SimpleApplicationEventMulticaster.multicastEvent(SimpleApplicationEventMulticaster.java:138)
	at org.springframework.boot.context.event.EventPublishingRunListener.multicastInitialEvent(EventPublishingRunListener.java:136)
	at org.springframework.boot.context.event.EventPublishingRunListener.environmentPrepared(EventPublishingRunListener.java:81)
	at org.springframework.boot.SpringApplicationRunListeners.lambda$environmentPrepared$2(SpringApplicationRunListeners.java:64)
	at java.base/java.lang.Iterable.forEach(Iterable.java:75)
	at org.springframework.boot.SpringApplicationRunListeners.doWithListeners(SpringApplicationRunListeners.java:118)
	at org.springframework.boot.SpringApplicationRunListeners.doWithListeners(SpringApplicationRunListeners.java:112)
	at org.springframework.boot.SpringApplicationRunListeners.environmentPrepared(SpringApplicationRunListeners.java:63)
	at org.springframework.boot.SpringApplication.prepareEnvironment(SpringApplication.java:353)
	at org.springframework.boot.SpringApplication.run(SpringApplication.java:313)
	at org.springframework.boot.SpringApplication.run(SpringApplication.java:1361)
	at org.springframework.boot.SpringApplication.run(SpringApplication.java:1350)
	at com.suraj.ENotesApiServiceApplication.main(ENotesApiServiceApplication.java:14)
	at java.base/jdk.internal.reflect.DirectMethodHandleAccessor.invoke(DirectMethodHandleAccessor.java:103)
	at java.base/java.lang.reflect.Method.invoke(Method.java:580)
	at org.springframework.boot.devtools.restart.RestartLauncher.run(RestartLauncher.java:50)
