2025-10-14 10:14 INFO  [main] o.h.jpa.internal.util.LogHelper	-HHH000204: Processing PersistenceUnitInfo [name: default]
2025-10-14 10:14 INFO  [main] org.hibernate.Version	-HHH000412: Hibernate ORM core version 6.6.11.Final
2025-10-14 10:14 INFO  [main] o.h.c.i.RegionFactoryInitiator	-HHH000026: Second-level cache disabled
2025-10-14 10:14 INFO  [main] o.s.o.j.p.SpringPersistenceUnitInfo	-No LoadTimeWeaver setup: ignoring JPA class transformer
2025-10-14 10:14 INFO  [main] com.zaxxer.hikari.HikariDataSource	-HikariPool-1 - Starting...
2025-10-14 10:14 INFO  [main] com.zaxxer.hikari.pool.HikariPool	-HikariPool-1 - Added connection com.mysql.cj.jdbc.ConnectionImpl@d02c00
2025-10-14 10:14 INFO  [main] com.zaxxer.hikari.HikariDataSource	-HikariPool-1 - Start completed.
2025-10-14 10:14 WARN  [main] org.hibernate.orm.deprecation	-HHH90000025: MySQL8Dialect does not need to be specified explicitly using 'hibernate.dialect' (remove the property setting and it will be selected by default)
2025-10-14 10:14 WARN  [main] org.hibernate.orm.deprecation	-HHH90000026: MySQL8Dialect has been deprecated; use org.hibernate.dialect.MySQLDialect instead
2025-10-14 10:14 INFO  [main] o.hibernate.orm.connections.pooling	-HHH10001005: Database info:
	Database JDBC URL [Connecting through datasource 'HikariDataSource (HikariPool-1)']
	Database driver: undefined/unknown
	Database version: 8.0
	Autocommit mode: undefined/unknown
	Isolation level: undefined/unknown
	Minimum pool size: undefined/unknown
	Maximum pool size: undefined/unknown
2025-10-14 10:14 INFO  [main] o.h.e.t.j.p.i.JtaPlatformInitiator	-HHH000489: No JTA platform available (set 'hibernate.transaction.jta.platform' to enable JTA platform integration)
2025-10-14 10:14 INFO  [main] o.s.o.j.LocalContainerEntityManagerFactoryBean	-Initialized JPA EntityManagerFactory for persistence unit 'default'
2025-10-14 10:14 INFO  [main] o.s.s.c.a.a.c.InitializeAuthenticationProviderBeanManagerConfigurer$InitializeAuthenticationProviderManagerConfigurer	-Global AuthenticationManager configured with AuthenticationProvider bean with name authenticationProvider
2025-10-14 10:14 WARN  [main] o.s.s.c.a.a.c.InitializeUserDetailsBeanManagerConfigurer$InitializeUserDetailsManagerConfigurer	-Global AuthenticationManager configured with an AuthenticationProvider bean. UserDetailsService beans will not be used by Spring Security for automatically configuring username/password login. Consider removing the AuthenticationProvider bean. Alternatively, consider using the UserDetailsService in a manually instantiated DaoAuthenticationProvider. If the current configuration is intentional, to turn off this warning, increase the logging level of 'org.springframework.security.config.annotation.authentication.configuration.InitializeUserDetailsBeanManagerConfigurer' to ERROR
2025-10-14 10:14 INFO  [main] o.s.d.j.r.query.QueryEnhancerFactory	-Hibernate is in classpath; If applicable, HQL parser will be used.
2025-10-14 10:14 WARN  [main] o.s.b.a.o.j.JpaBaseConfiguration$JpaWebConfiguration	-spring.jpa.open-in-view is enabled by default. Therefore, database queries may be performed during view rendering. Explicitly configure spring.jpa.open-in-view to disable this warning
2025-10-14 10:14 INFO  [main] o.s.v.b.OptionalValidatorFactoryBean	-Failed to set up a Bean Validation provider: jakarta.validation.NoProviderFoundException: Unable to create a Configuration, because no Jakarta Bean Validation provider could be found. Add a provider like Hibernate Validator (RI) to your classpath.
2025-10-14 10:14 INFO  [main] c.s.ENotesApiServiceApplicationTests	-Started ENotesApiServiceApplicationTests in 13.403 seconds (process running for 14.719)
2025-10-14 10:14 INFO  [SpringApplicationShutdownHook] o.s.o.j.LocalContainerEntityManagerFactoryBean	-Closing JPA EntityManagerFactory for persistence unit 'default'
2025-10-14 10:14 INFO  [SpringApplicationShutdownHook] com.zaxxer.hikari.HikariDataSource	-HikariPool-1 - Shutdown initiated...
2025-10-14 10:14 INFO  [SpringApplicationShutdownHook] com.zaxxer.hikari.HikariDataSource	-HikariPool-1 - Shutdown completed.
