2025-09-11 20:11 INFO  [restartedMain] c.suraj.ENotesApiServiceApplication	-Starting ENotesApiServiceApplication using Java 21.0.6 with PID 27412 (S:\E-Notes Real Time Project\E-Notes-Real-Time-Project-\target\classes started by sskum in S:\E-Notes Real Time Project\E-Notes-Real-Time-Project-)
2025-09-11 20:11 INFO  [restartedMain] c.suraj.ENotesApiServiceApplication	-The following 1 profile is active: "dev"
2025-09-11 20:11 INFO  [restartedMain] o.s.b.d.e.DevToolsPropertyDefaultsPostProcessor	-Devtools property defaults active! Set 'spring.devtools.add-properties' to 'false' to disable
2025-09-11 20:11 INFO  [restartedMain] o.s.b.d.e.DevToolsPropertyDefaultsPostProcessor	-For additional web related logging consider setting the 'logging.level.web' property to 'DEBUG'
2025-09-11 20:11 INFO  [restartedMain] o.s.d.r.c.RepositoryConfigurationDelegate	-Bootstrapping Spring Data JPA repositories in DEFAULT mode.
2025-09-11 20:11 INFO  [restartedMain] o.s.d.r.c.RepositoryConfigurationDelegate	-Finished Spring Data repository scanning in 68 ms. Found 7 JPA repository interfaces.
2025-09-11 20:11 INFO  [restartedMain] o.s.b.w.e.tomcat.TomcatWebServer	-Tomcat initialized with port 8080 (http)
2025-09-11 20:11 INFO  [restartedMain] o.a.coyote.http11.Http11NioProtocol	-Initializing ProtocolHandler ["http-nio-8080"]
2025-09-11 20:11 INFO  [restartedMain] o.a.catalina.core.StandardService	-Starting service [Tomcat]
2025-09-11 20:11 INFO  [restartedMain] o.a.catalina.core.StandardEngine	-Starting Servlet engine: [Apache Tomcat/10.1.39]
2025-09-11 20:11 INFO  [restartedMain] o.a.c.c.C.[Tomcat].[localhost].[/]	-Initializing Spring embedded WebApplicationContext
2025-09-11 20:11 INFO  [restartedMain] o.s.b.w.s.c.ServletWebServerApplicationContext	-Root WebApplicationContext: initialization completed in 1761 ms
2025-09-11 20:11 INFO  [restartedMain] o.h.jpa.internal.util.LogHelper	-HHH000204: Processing PersistenceUnitInfo [name: default]
2025-09-11 20:11 INFO  [restartedMain] org.hibernate.Version	-HHH000412: Hibernate ORM core version 6.6.11.Final
2025-09-11 20:11 INFO  [restartedMain] o.h.c.i.RegionFactoryInitiator	-HHH000026: Second-level cache disabled
2025-09-11 20:11 INFO  [restartedMain] o.s.o.j.p.SpringPersistenceUnitInfo	-No LoadTimeWeaver setup: ignoring JPA class transformer
2025-09-11 20:11 INFO  [restartedMain] com.zaxxer.hikari.HikariDataSource	-HikariPool-1 - Starting...
2025-09-11 20:11 INFO  [restartedMain] com.zaxxer.hikari.pool.HikariPool	-HikariPool-1 - Added connection com.mysql.cj.jdbc.ConnectionImpl@4fca99e0
2025-09-11 20:11 INFO  [restartedMain] com.zaxxer.hikari.HikariDataSource	-HikariPool-1 - Start completed.
2025-09-11 20:11 WARN  [restartedMain] org.hibernate.orm.deprecation	-HHH90000025: MySQL8Dialect does not need to be specified explicitly using 'hibernate.dialect' (remove the property setting and it will be selected by default)
2025-09-11 20:11 WARN  [restartedMain] org.hibernate.orm.deprecation	-HHH90000026: MySQL8Dialect has been deprecated; use org.hibernate.dialect.MySQLDialect instead
2025-09-11 20:11 INFO  [restartedMain] o.hibernate.orm.connections.pooling	-HHH10001005: Database info:
	Database JDBC URL [Connecting through datasource 'HikariDataSource (HikariPool-1)']
	Database driver: undefined/unknown
	Database version: 8.0
	Autocommit mode: undefined/unknown
	Isolation level: undefined/unknown
	Minimum pool size: undefined/unknown
	Maximum pool size: undefined/unknown
2025-09-11 20:11 INFO  [restartedMain] o.h.e.t.j.p.i.JtaPlatformInitiator	-HHH000489: No JTA platform available (set 'hibernate.transaction.jta.platform' to enable JTA platform integration)
2025-09-11 20:11 INFO  [restartedMain] o.s.o.j.LocalContainerEntityManagerFactoryBean	-Initialized JPA EntityManagerFactory for persistence unit 'default'
2025-09-11 20:11 INFO  [restartedMain] o.s.s.c.a.a.c.InitializeAuthenticationProviderBeanManagerConfigurer$InitializeAuthenticationProviderManagerConfigurer	-Global AuthenticationManager configured with AuthenticationProvider bean with name authenticationProvider
2025-09-11 20:11 WARN  [restartedMain] o.s.s.c.a.a.c.InitializeUserDetailsBeanManagerConfigurer$InitializeUserDetailsManagerConfigurer	-Global AuthenticationManager configured with an AuthenticationProvider bean. UserDetailsService beans will not be used by Spring Security for automatically configuring username/password login. Consider removing the AuthenticationProvider bean. Alternatively, consider using the UserDetailsService in a manually instantiated DaoAuthenticationProvider. If the current configuration is intentional, to turn off this warning, increase the logging level of 'org.springframework.security.config.annotation.authentication.configuration.InitializeUserDetailsBeanManagerConfigurer' to ERROR
2025-09-11 20:11 INFO  [restartedMain] o.s.d.j.r.query.QueryEnhancerFactory	-Hibernate is in classpath; If applicable, HQL parser will be used.
