2025-09-26 09:26 INFO  [File Watcher] o.s.b.d.a.LocalDevToolsAutoConfiguration$RestartingClassPathChangeChangedEventListener	-Restarting due to 1 class path change (0 additions, 0 deletions, 1 modification)
2025-09-26 09:26 INFO  [Thread-19] o.s.b.w.e.tomcat.GracefulShutdown	-Commencing graceful shutdown. Waiting for active requests to complete
2025-09-26 09:26 INFO  [tomcat-shutdown] o.a.coyote.http11.Http11NioProtocol	-Pausing ProtocolHandler ["http-nio-8080"]
2025-09-26 09:26 INFO  [tomcat-shutdown] o.s.b.w.e.tomcat.GracefulShutdown	-Graceful shutdown complete
2025-09-26 09:26 INFO  [Thread-19] o.a.coyote.http11.Http11NioProtocol	-Stopping ProtocolHandler ["http-nio-8080"]
2025-09-26 09:26 INFO  [Thread-19] o.s.o.j.LocalContainerEntityManagerFactoryBean	-Closing JPA EntityManagerFactory for persistence unit 'default'
2025-09-26 09:26 INFO  [Thread-19] com.zaxxer.hikari.HikariDataSource	-HikariPool-5 - Shutdown initiated...
2025-09-26 09:26 INFO  [Thread-19] com.zaxxer.hikari.HikariDataSource	-HikariPool-5 - Shutdown completed.
2025-09-26 09:26 INFO  [restartedMain] c.suraj.ENotesApiServiceApplication	-Starting ENotesApiServiceApplication using Java 21.0.6 with PID 21620 (S:\E-Notes Real Time Project\E-Notes-Real-Time-Project-\target\classes started by sskum in S:\E-Notes Real Time Project\E-Notes-Real-Time-Project-)
2025-09-26 09:26 INFO  [restartedMain] c.suraj.ENotesApiServiceApplication	-The following 1 profile is active: "dev"
2025-09-26 09:26 INFO  [restartedMain] o.s.d.r.c.RepositoryConfigurationDelegate	-Bootstrapping Spring Data JPA repositories in DEFAULT mode.
2025-09-26 09:26 INFO  [restartedMain] o.s.d.r.c.RepositoryConfigurationDelegate	-Finished Spring Data repository scanning in 30 ms. Found 7 JPA repository interfaces.
2025-09-26 09:26 INFO  [restartedMain] o.s.b.w.e.tomcat.TomcatWebServer	-Tomcat initialized with port 8080 (http)
2025-09-26 09:26 INFO  [restartedMain] o.a.coyote.http11.Http11NioProtocol	-Initializing ProtocolHandler ["http-nio-8080"]
2025-09-26 09:26 INFO  [restartedMain] o.a.catalina.core.StandardService	-Starting service [Tomcat]
2025-09-26 09:26 INFO  [restartedMain] o.a.catalina.core.StandardEngine	-Starting Servlet engine: [Apache Tomcat/10.1.39]
2025-09-26 09:26 INFO  [restartedMain] o.a.c.c.C.[Tomcat].[localhost].[/]	-Initializing Spring embedded WebApplicationContext
2025-09-26 09:26 INFO  [restartedMain] o.s.b.w.s.c.ServletWebServerApplicationContext	-Root WebApplicationContext: initialization completed in 524 ms
2025-09-26 09:26 INFO  [restartedMain] o.h.jpa.internal.util.LogHelper	-HHH000204: Processing PersistenceUnitInfo [name: default]
2025-09-26 09:26 INFO  [restartedMain] o.h.c.i.RegionFactoryInitiator	-HHH000026: Second-level cache disabled
2025-09-26 09:26 INFO  [restartedMain] o.s.o.j.p.SpringPersistenceUnitInfo	-No LoadTimeWeaver setup: ignoring JPA class transformer
2025-09-26 09:26 INFO  [restartedMain] com.zaxxer.hikari.HikariDataSource	-HikariPool-6 - Starting...
2025-09-26 09:26 INFO  [restartedMain] com.zaxxer.hikari.pool.HikariPool	-HikariPool-6 - Added connection com.mysql.cj.jdbc.ConnectionImpl@35af0c2a
2025-09-26 09:26 INFO  [restartedMain] com.zaxxer.hikari.HikariDataSource	-HikariPool-6 - Start completed.
2025-09-26 09:26 WARN  [restartedMain] org.hibernate.orm.deprecation	-HHH90000025: MySQL8Dialect does not need to be specified explicitly using 'hibernate.dialect' (remove the property setting and it will be selected by default)
2025-09-26 09:26 WARN  [restartedMain] org.hibernate.orm.deprecation	-HHH90000026: MySQL8Dialect has been deprecated; use org.hibernate.dialect.MySQLDialect instead
2025-09-26 09:26 INFO  [restartedMain] o.hibernate.orm.connections.pooling	-HHH10001005: Database info:
	Database JDBC URL [Connecting through datasource 'HikariDataSource (HikariPool-6)']
	Database driver: undefined/unknown
	Database version: 8.0
	Autocommit mode: undefined/unknown
	Isolation level: undefined/unknown
	Minimum pool size: undefined/unknown
	Maximum pool size: undefined/unknown
2025-09-26 09:26 INFO  [restartedMain] o.h.e.t.j.p.i.JtaPlatformInitiator	-HHH000489: No JTA platform available (set 'hibernate.transaction.jta.platform' to enable JTA platform integration)
2025-09-26 09:26 INFO  [restartedMain] o.s.o.j.LocalContainerEntityManagerFactoryBean	-Initialized JPA EntityManagerFactory for persistence unit 'default'
2025-09-26 09:26 INFO  [restartedMain] o.s.s.c.a.a.c.InitializeAuthenticationProviderBeanManagerConfigurer$InitializeAuthenticationProviderManagerConfigurer	-Global AuthenticationManager configured with AuthenticationProvider bean with name authenticationProvider
2025-09-26 09:26 WARN  [restartedMain] o.s.s.c.a.a.c.InitializeUserDetailsBeanManagerConfigurer$InitializeUserDetailsManagerConfigurer	-Global AuthenticationManager configured with an AuthenticationProvider bean. UserDetailsService beans will not be used by Spring Security for automatically configuring username/password login. Consider removing the AuthenticationProvider bean. Alternatively, consider using the UserDetailsService in a manually instantiated DaoAuthenticationProvider. If the current configuration is intentional, to turn off this warning, increase the logging level of 'org.springframework.security.config.annotation.authentication.configuration.InitializeUserDetailsBeanManagerConfigurer' to ERROR
2025-09-26 09:26 WARN  [restartedMain] o.s.b.a.o.j.JpaBaseConfiguration$JpaWebConfiguration	-spring.jpa.open-in-view is enabled by default. Therefore, database queries may be performed during view rendering. Explicitly configure spring.jpa.open-in-view to disable this warning
2025-09-26 09:26 INFO  [restartedMain] o.s.v.b.OptionalValidatorFactoryBean	-Failed to set up a Bean Validation provider: jakarta.validation.NoProviderFoundException: Unable to create a Configuration, because no Jakarta Bean Validation provider could be found. Add a provider like Hibernate Validator (RI) to your classpath.
2025-09-26 09:26 INFO  [restartedMain] o.s.b.d.a.OptionalLiveReloadServer	-LiveReload server is running on port 35729
2025-09-26 09:26 INFO  [restartedMain] o.a.coyote.http11.Http11NioProtocol	-Starting ProtocolHandler ["http-nio-8080"]
2025-09-26 09:26 INFO  [restartedMain] o.s.b.w.e.tomcat.TomcatWebServer	-Tomcat started on port 8080 (http) with context path '/'
2025-09-26 09:26 INFO  [restartedMain] c.suraj.ENotesApiServiceApplication	-Started ENotesApiServiceApplication in 1.564 seconds (process running for 713.009)
2025-09-26 09:26 INFO  [restartedMain] o.s.b.d.a.ConditionEvaluationDeltaLoggingListener	-Condition evaluation unchanged
2025-09-26 09:26 INFO  [http-nio-8080-exec-1] o.a.c.c.C.[Tomcat].[localhost].[/]	-Initializing Spring DispatcherServlet 'dispatcherServlet'
2025-09-26 09:26 INFO  [http-nio-8080-exec-1] o.s.web.servlet.DispatcherServlet	-Initializing Servlet 'dispatcherServlet'
2025-09-26 09:26 INFO  [http-nio-8080-exec-1] o.s.web.servlet.DispatcherServlet	-Completed initialization in 1 ms
2025-09-26 09:26 INFO  [http-nio-8080-exec-9] o.s.api.AbstractOpenApiResource	-Init duration for springdoc-openapi is: 93 ms
